// Jest Snapshot v1, https://goo.gl/fbAQLP

exports[`<MovieCard/> should match snapshot 1`] = `
ShallowWrapper {
  Symbol(enzyme.__root__): [Circular],
  Symbol(enzyme.__unrendered__): <MovieCard
    movie={
      Object {
        "adult": false,
        "backdrop_path": "/h3KN24PrOheHVYs9ypuOIdFBEpX.jpg",
        "genre_ids": Array [
          16,
          10751,
          12,
        ],
        "id": 166428,
        "original_language": "en",
        "original_title": "How to Train Your Dragon: The Hidden World",
        "overview": "As Hiccup fulfills his dream of creating a peaceful dragon utopia, Toothless’ discovery of an untamed, elusive mate draws the Night Fury away. When danger mounts at home and Hiccup’s reign as village chief is tested, both dragon and rider must make impossible decisions to save their kind.",
        "popularity": 470.427,
        "poster_path": "/xvx4Yhf0DVH8G4LzNISpMfFBDy2.jpg",
        "release_date": "2019-01-03",
        "title": "How to Train Your Dragon: The Hidden World",
        "video": false,
        "vote_average": 7.7,
        "vote_count": 1230,
      }
    }
  />,
  Symbol(enzyme.__renderer__): Object {
    "batchedUpdates": [Function],
    "checkPropTypes": [Function],
    "getNode": [Function],
    "render": [Function],
    "simulateError": [Function],
    "simulateEvent": [Function],
    "unmount": [Function],
  },
  Symbol(enzyme.__node__): Object {
    "instance": null,
    "key": undefined,
    "nodeType": "host",
    "props": Object {
      "children": Array [
        <p>
          How to Train Your Dragon: The Hidden World
        </p>,
        <div
          className="flex-container"
        >
          <div
            className="animated-clickable-div"
            onClick={[Function]}
          >
            <ForwardRef
              className="c back"
              style={
                Object {
                  "opacity": AnimatedInterpolation {
                    "attach": [Function],
                    "calc": [Function],
                    "children": Array [],
                    "detach": [Function],
                    "payload": Array [
                      AnimatedValue {
                        "animatedStyles": Set {},
                        "children": Array [],
                        "done": false,
                        "lastPosition": 0,
                        "lastTime": undefined,
                        "lastVelocity": undefined,
                        "payload": undefined,
                        "setValue": [Function],
                        "startPosition": 0,
                        "startTime": 1556558025776,
                        "value": 0,
                      },
                    ],
                  },
                  "transform": AnimatedInterpolation {
                    "attach": [Function],
                    "calc": [Function],
                    "children": Array [],
                    "detach": [Function],
                    "payload": Array [
                      AnimatedValue {
                        "animatedStyles": Set {},
                        "children": Array [],
                        "done": false,
                        "lastPosition": 0,
                        "lastTime": undefined,
                        "lastVelocity": undefined,
                        "payload": undefined,
                        "setValue": [Function],
                        "startPosition": 0,
                        "startTime": 1556558025781,
                        "value": 0,
                      },
                    ],
                  },
                }
              }
            >
              <img
                alt=""
                className="movie-poster"
                src="http://image.tmdb.org/t/p/w185//xvx4Yhf0DVH8G4LzNISpMfFBDy2.jpg"
              />
            </ForwardRef>
          </div>
        </div>,
        <div
          className="movie-stats"
        >
          <div
            className="stats-column"
          >
            <i
              className="fas fa-calendar-day"
            />
            <span>
              2019-01-03
            </span>
          </div>
          <div
            className="stats-column"
          >
            <i
              className="fas fa-heartbeat"
            />
            <span>
              1230
            </span>
          </div>
          <div
            className="stats-column"
          >
            <i
              className="fas fa-star"
            />
            <span>
              7.7
            </span>
          </div>
        </div>,
      ],
      "className": "movie-card",
      "data-test": "MovieCard",
    },
    "ref": null,
    "rendered": Array [
      Object {
        "instance": null,
        "key": undefined,
        "nodeType": "host",
        "props": Object {
          "children": "How to Train Your Dragon: The Hidden World",
        },
        "ref": null,
        "rendered": "How to Train Your Dragon: The Hidden World",
        "type": "p",
      },
      Object {
        "instance": null,
        "key": undefined,
        "nodeType": "host",
        "props": Object {
          "children": <div
            className="animated-clickable-div"
            onClick={[Function]}
          >
            <ForwardRef
              className="c back"
              style={
                Object {
                  "opacity": AnimatedInterpolation {
                    "attach": [Function],
                    "calc": [Function],
                    "children": Array [],
                    "detach": [Function],
                    "payload": Array [
                      AnimatedValue {
                        "animatedStyles": Set {},
                        "children": Array [],
                        "done": false,
                        "lastPosition": 0,
                        "lastTime": undefined,
                        "lastVelocity": undefined,
                        "payload": undefined,
                        "setValue": [Function],
                        "startPosition": 0,
                        "startTime": 1556558025776,
                        "value": 0,
                      },
                    ],
                  },
                  "transform": AnimatedInterpolation {
                    "attach": [Function],
                    "calc": [Function],
                    "children": Array [],
                    "detach": [Function],
                    "payload": Array [
                      AnimatedValue {
                        "animatedStyles": Set {},
                        "children": Array [],
                        "done": false,
                        "lastPosition": 0,
                        "lastTime": undefined,
                        "lastVelocity": undefined,
                        "payload": undefined,
                        "setValue": [Function],
                        "startPosition": 0,
                        "startTime": 1556558025781,
                        "value": 0,
                      },
                    ],
                  },
                }
              }
            >
              <img
                alt=""
                className="movie-poster"
                src="http://image.tmdb.org/t/p/w185//xvx4Yhf0DVH8G4LzNISpMfFBDy2.jpg"
              />
            </ForwardRef>
          </div>,
          "className": "flex-container",
        },
        "ref": null,
        "rendered": Object {
          "instance": null,
          "key": undefined,
          "nodeType": "host",
          "props": Object {
            "children": Array [
              <ForwardRef
                className="c back"
                style={
                  Object {
                    "opacity": AnimatedInterpolation {
                      "attach": [Function],
                      "calc": [Function],
                      "children": Array [],
                      "detach": [Function],
                      "payload": Array [
                        AnimatedValue {
                          "animatedStyles": Set {},
                          "children": Array [],
                          "done": false,
                          "lastPosition": 0,
                          "lastTime": undefined,
                          "lastVelocity": undefined,
                          "payload": undefined,
                          "setValue": [Function],
                          "startPosition": 0,
                          "startTime": 1556558025776,
                          "value": 0,
                        },
                      ],
                    },
                    "transform": AnimatedInterpolation {
                      "attach": [Function],
                      "calc": [Function],
                      "children": Array [],
                      "detach": [Function],
                      "payload": Array [
                        AnimatedValue {
                          "animatedStyles": Set {},
                          "children": Array [],
                          "done": false,
                          "lastPosition": 0,
                          "lastTime": undefined,
                          "lastVelocity": undefined,
                          "payload": undefined,
                          "setValue": [Function],
                          "startPosition": 0,
                          "startTime": 1556558025781,
                          "value": 0,
                        },
                      ],
                    },
                  }
                }
              >
                <img
                  alt=""
                  className="movie-poster"
                  src="http://image.tmdb.org/t/p/w185//xvx4Yhf0DVH8G4LzNISpMfFBDy2.jpg"
                />
              </ForwardRef>,
              false,
            ],
            "className": "animated-clickable-div",
            "onClick": [Function],
          },
          "ref": null,
          "rendered": Array [
            Object {
              "instance": null,
              "key": undefined,
              "nodeType": "function",
              "props": Object {
                "children": <img
                  alt=""
                  className="movie-poster"
                  src="http://image.tmdb.org/t/p/w185//xvx4Yhf0DVH8G4LzNISpMfFBDy2.jpg"
                />,
                "className": "c back",
                "style": Object {
                  "opacity": AnimatedInterpolation {
                    "attach": [Function],
                    "calc": [Function],
                    "children": Array [],
                    "detach": [Function],
                    "payload": Array [
                      AnimatedValue {
                        "animatedStyles": Set {},
                        "children": Array [],
                        "done": false,
                        "lastPosition": 0,
                        "lastTime": undefined,
                        "lastVelocity": undefined,
                        "payload": undefined,
                        "setValue": [Function],
                        "startPosition": 0,
                        "startTime": 1556558025776,
                        "value": 0,
                      },
                    ],
                  },
                  "transform": AnimatedInterpolation {
                    "attach": [Function],
                    "calc": [Function],
                    "children": Array [],
                    "detach": [Function],
                    "payload": Array [
                      AnimatedValue {
                        "animatedStyles": Set {},
                        "children": Array [],
                        "done": false,
                        "lastPosition": 0,
                        "lastTime": undefined,
                        "lastVelocity": undefined,
                        "payload": undefined,
                        "setValue": [Function],
                        "startPosition": 0,
                        "startTime": 1556558025781,
                        "value": 0,
                      },
                    ],
                  },
                },
              },
              "ref": null,
              "rendered": Object {
                "instance": null,
                "key": undefined,
                "nodeType": "host",
                "props": Object {
                  "alt": "",
                  "className": "movie-poster",
                  "src": "http://image.tmdb.org/t/p/w185//xvx4Yhf0DVH8G4LzNISpMfFBDy2.jpg",
                },
                "ref": null,
                "rendered": null,
                "type": "img",
              },
              "type": Object {
                "$$typeof": Symbol(react.forward_ref),
                "render": [Function],
              },
            },
            false,
          ],
          "type": "div",
        },
        "type": "div",
      },
      Object {
        "instance": null,
        "key": undefined,
        "nodeType": "host",
        "props": Object {
          "children": Array [
            <div
              className="stats-column"
            >
              <i
                className="fas fa-calendar-day"
              />
              <span>
                2019-01-03
              </span>
            </div>,
            <div
              className="stats-column"
            >
              <i
                className="fas fa-heartbeat"
              />
              <span>
                1230
              </span>
            </div>,
            <div
              className="stats-column"
            >
              <i
                className="fas fa-star"
              />
              <span>
                7.7
              </span>
            </div>,
          ],
          "className": "movie-stats",
        },
        "ref": null,
        "rendered": Array [
          Object {
            "instance": null,
            "key": undefined,
            "nodeType": "host",
            "props": Object {
              "children": Array [
                <i
                  className="fas fa-calendar-day"
                />,
                <span>
                  2019-01-03
                </span>,
              ],
              "className": "stats-column",
            },
            "ref": null,
            "rendered": Array [
              Object {
                "instance": null,
                "key": undefined,
                "nodeType": "host",
                "props": Object {
                  "className": "fas fa-calendar-day",
                },
                "ref": null,
                "rendered": null,
                "type": "i",
              },
              Object {
                "instance": null,
                "key": undefined,
                "nodeType": "host",
                "props": Object {
                  "children": "2019-01-03",
                },
                "ref": null,
                "rendered": "2019-01-03",
                "type": "span",
              },
            ],
            "type": "div",
          },
          Object {
            "instance": null,
            "key": undefined,
            "nodeType": "host",
            "props": Object {
              "children": Array [
                <i
                  className="fas fa-heartbeat"
                />,
                <span>
                  1230
                </span>,
              ],
              "className": "stats-column",
            },
            "ref": null,
            "rendered": Array [
              Object {
                "instance": null,
                "key": undefined,
                "nodeType": "host",
                "props": Object {
                  "className": "fas fa-heartbeat",
                },
                "ref": null,
                "rendered": null,
                "type": "i",
              },
              Object {
                "instance": null,
                "key": undefined,
                "nodeType": "host",
                "props": Object {
                  "children": 1230,
                },
                "ref": null,
                "rendered": 1230,
                "type": "span",
              },
            ],
            "type": "div",
          },
          Object {
            "instance": null,
            "key": undefined,
            "nodeType": "host",
            "props": Object {
              "children": Array [
                <i
                  className="fas fa-star"
                />,
                <span>
                  7.7
                </span>,
              ],
              "className": "stats-column",
            },
            "ref": null,
            "rendered": Array [
              Object {
                "instance": null,
                "key": undefined,
                "nodeType": "host",
                "props": Object {
                  "className": "fas fa-star",
                },
                "ref": null,
                "rendered": null,
                "type": "i",
              },
              Object {
                "instance": null,
                "key": undefined,
                "nodeType": "host",
                "props": Object {
                  "children": 7.7,
                },
                "ref": null,
                "rendered": 7.7,
                "type": "span",
              },
            ],
            "type": "div",
          },
        ],
        "type": "div",
      },
    ],
    "type": "div",
  },
  Symbol(enzyme.__nodes__): Array [
    Object {
      "instance": null,
      "key": undefined,
      "nodeType": "host",
      "props": Object {
        "children": Array [
          <p>
            How to Train Your Dragon: The Hidden World
          </p>,
          <div
            className="flex-container"
          >
            <div
              className="animated-clickable-div"
              onClick={[Function]}
            >
              <ForwardRef
                className="c back"
                style={
                  Object {
                    "opacity": AnimatedInterpolation {
                      "attach": [Function],
                      "calc": [Function],
                      "children": Array [],
                      "detach": [Function],
                      "payload": Array [
                        AnimatedValue {
                          "animatedStyles": Set {},
                          "children": Array [],
                          "done": false,
                          "lastPosition": 0,
                          "lastTime": undefined,
                          "lastVelocity": undefined,
                          "payload": undefined,
                          "setValue": [Function],
                          "startPosition": 0,
                          "startTime": 1556558025776,
                          "value": 0,
                        },
                      ],
                    },
                    "transform": AnimatedInterpolation {
                      "attach": [Function],
                      "calc": [Function],
                      "children": Array [],
                      "detach": [Function],
                      "payload": Array [
                        AnimatedValue {
                          "animatedStyles": Set {},
                          "children": Array [],
                          "done": false,
                          "lastPosition": 0,
                          "lastTime": undefined,
                          "lastVelocity": undefined,
                          "payload": undefined,
                          "setValue": [Function],
                          "startPosition": 0,
                          "startTime": 1556558025781,
                          "value": 0,
                        },
                      ],
                    },
                  }
                }
              >
                <img
                  alt=""
                  className="movie-poster"
                  src="http://image.tmdb.org/t/p/w185//xvx4Yhf0DVH8G4LzNISpMfFBDy2.jpg"
                />
              </ForwardRef>
            </div>
          </div>,
          <div
            className="movie-stats"
          >
            <div
              className="stats-column"
            >
              <i
                className="fas fa-calendar-day"
              />
              <span>
                2019-01-03
              </span>
            </div>
            <div
              className="stats-column"
            >
              <i
                className="fas fa-heartbeat"
              />
              <span>
                1230
              </span>
            </div>
            <div
              className="stats-column"
            >
              <i
                className="fas fa-star"
              />
              <span>
                7.7
              </span>
            </div>
          </div>,
        ],
        "className": "movie-card",
        "data-test": "MovieCard",
      },
      "ref": null,
      "rendered": Array [
        Object {
          "instance": null,
          "key": undefined,
          "nodeType": "host",
          "props": Object {
            "children": "How to Train Your Dragon: The Hidden World",
          },
          "ref": null,
          "rendered": "How to Train Your Dragon: The Hidden World",
          "type": "p",
        },
        Object {
          "instance": null,
          "key": undefined,
          "nodeType": "host",
          "props": Object {
            "children": <div
              className="animated-clickable-div"
              onClick={[Function]}
            >
              <ForwardRef
                className="c back"
                style={
                  Object {
                    "opacity": AnimatedInterpolation {
                      "attach": [Function],
                      "calc": [Function],
                      "children": Array [],
                      "detach": [Function],
                      "payload": Array [
                        AnimatedValue {
                          "animatedStyles": Set {},
                          "children": Array [],
                          "done": false,
                          "lastPosition": 0,
                          "lastTime": undefined,
                          "lastVelocity": undefined,
                          "payload": undefined,
                          "setValue": [Function],
                          "startPosition": 0,
                          "startTime": 1556558025776,
                          "value": 0,
                        },
                      ],
                    },
                    "transform": AnimatedInterpolation {
                      "attach": [Function],
                      "calc": [Function],
                      "children": Array [],
                      "detach": [Function],
                      "payload": Array [
                        AnimatedValue {
                          "animatedStyles": Set {},
                          "children": Array [],
                          "done": false,
                          "lastPosition": 0,
                          "lastTime": undefined,
                          "lastVelocity": undefined,
                          "payload": undefined,
                          "setValue": [Function],
                          "startPosition": 0,
                          "startTime": 1556558025781,
                          "value": 0,
                        },
                      ],
                    },
                  }
                }
              >
                <img
                  alt=""
                  className="movie-poster"
                  src="http://image.tmdb.org/t/p/w185//xvx4Yhf0DVH8G4LzNISpMfFBDy2.jpg"
                />
              </ForwardRef>
            </div>,
            "className": "flex-container",
          },
          "ref": null,
          "rendered": Object {
            "instance": null,
            "key": undefined,
            "nodeType": "host",
            "props": Object {
              "children": Array [
                <ForwardRef
                  className="c back"
                  style={
                    Object {
                      "opacity": AnimatedInterpolation {
                        "attach": [Function],
                        "calc": [Function],
                        "children": Array [],
                        "detach": [Function],
                        "payload": Array [
                          AnimatedValue {
                            "animatedStyles": Set {},
                            "children": Array [],
                            "done": false,
                            "lastPosition": 0,
                            "lastTime": undefined,
                            "lastVelocity": undefined,
                            "payload": undefined,
                            "setValue": [Function],
                            "startPosition": 0,
                            "startTime": 1556558025776,
                            "value": 0,
                          },
                        ],
                      },
                      "transform": AnimatedInterpolation {
                        "attach": [Function],
                        "calc": [Function],
                        "children": Array [],
                        "detach": [Function],
                        "payload": Array [
                          AnimatedValue {
                            "animatedStyles": Set {},
                            "children": Array [],
                            "done": false,
                            "lastPosition": 0,
                            "lastTime": undefined,
                            "lastVelocity": undefined,
                            "payload": undefined,
                            "setValue": [Function],
                            "startPosition": 0,
                            "startTime": 1556558025781,
                            "value": 0,
                          },
                        ],
                      },
                    }
                  }
                >
                  <img
                    alt=""
                    className="movie-poster"
                    src="http://image.tmdb.org/t/p/w185//xvx4Yhf0DVH8G4LzNISpMfFBDy2.jpg"
                  />
                </ForwardRef>,
                false,
              ],
              "className": "animated-clickable-div",
              "onClick": [Function],
            },
            "ref": null,
            "rendered": Array [
              Object {
                "instance": null,
                "key": undefined,
                "nodeType": "function",
                "props": Object {
                  "children": <img
                    alt=""
                    className="movie-poster"
                    src="http://image.tmdb.org/t/p/w185//xvx4Yhf0DVH8G4LzNISpMfFBDy2.jpg"
                  />,
                  "className": "c back",
                  "style": Object {
                    "opacity": AnimatedInterpolation {
                      "attach": [Function],
                      "calc": [Function],
                      "children": Array [],
                      "detach": [Function],
                      "payload": Array [
                        AnimatedValue {
                          "animatedStyles": Set {},
                          "children": Array [],
                          "done": false,
                          "lastPosition": 0,
                          "lastTime": undefined,
                          "lastVelocity": undefined,
                          "payload": undefined,
                          "setValue": [Function],
                          "startPosition": 0,
                          "startTime": 1556558025776,
                          "value": 0,
                        },
                      ],
                    },
                    "transform": AnimatedInterpolation {
                      "attach": [Function],
                      "calc": [Function],
                      "children": Array [],
                      "detach": [Function],
                      "payload": Array [
                        AnimatedValue {
                          "animatedStyles": Set {},
                          "children": Array [],
                          "done": false,
                          "lastPosition": 0,
                          "lastTime": undefined,
                          "lastVelocity": undefined,
                          "payload": undefined,
                          "setValue": [Function],
                          "startPosition": 0,
                          "startTime": 1556558025781,
                          "value": 0,
                        },
                      ],
                    },
                  },
                },
                "ref": null,
                "rendered": Object {
                  "instance": null,
                  "key": undefined,
                  "nodeType": "host",
                  "props": Object {
                    "alt": "",
                    "className": "movie-poster",
                    "src": "http://image.tmdb.org/t/p/w185//xvx4Yhf0DVH8G4LzNISpMfFBDy2.jpg",
                  },
                  "ref": null,
                  "rendered": null,
                  "type": "img",
                },
                "type": Object {
                  "$$typeof": Symbol(react.forward_ref),
                  "render": [Function],
                },
              },
              false,
            ],
            "type": "div",
          },
          "type": "div",
        },
        Object {
          "instance": null,
          "key": undefined,
          "nodeType": "host",
          "props": Object {
            "children": Array [
              <div
                className="stats-column"
              >
                <i
                  className="fas fa-calendar-day"
                />
                <span>
                  2019-01-03
                </span>
              </div>,
              <div
                className="stats-column"
              >
                <i
                  className="fas fa-heartbeat"
                />
                <span>
                  1230
                </span>
              </div>,
              <div
                className="stats-column"
              >
                <i
                  className="fas fa-star"
                />
                <span>
                  7.7
                </span>
              </div>,
            ],
            "className": "movie-stats",
          },
          "ref": null,
          "rendered": Array [
            Object {
              "instance": null,
              "key": undefined,
              "nodeType": "host",
              "props": Object {
                "children": Array [
                  <i
                    className="fas fa-calendar-day"
                  />,
                  <span>
                    2019-01-03
                  </span>,
                ],
                "className": "stats-column",
              },
              "ref": null,
              "rendered": Array [
                Object {
                  "instance": null,
                  "key": undefined,
                  "nodeType": "host",
                  "props": Object {
                    "className": "fas fa-calendar-day",
                  },
                  "ref": null,
                  "rendered": null,
                  "type": "i",
                },
                Object {
                  "instance": null,
                  "key": undefined,
                  "nodeType": "host",
                  "props": Object {
                    "children": "2019-01-03",
                  },
                  "ref": null,
                  "rendered": "2019-01-03",
                  "type": "span",
                },
              ],
              "type": "div",
            },
            Object {
              "instance": null,
              "key": undefined,
              "nodeType": "host",
              "props": Object {
                "children": Array [
                  <i
                    className="fas fa-heartbeat"
                  />,
                  <span>
                    1230
                  </span>,
                ],
                "className": "stats-column",
              },
              "ref": null,
              "rendered": Array [
                Object {
                  "instance": null,
                  "key": undefined,
                  "nodeType": "host",
                  "props": Object {
                    "className": "fas fa-heartbeat",
                  },
                  "ref": null,
                  "rendered": null,
                  "type": "i",
                },
                Object {
                  "instance": null,
                  "key": undefined,
                  "nodeType": "host",
                  "props": Object {
                    "children": 1230,
                  },
                  "ref": null,
                  "rendered": 1230,
                  "type": "span",
                },
              ],
              "type": "div",
            },
            Object {
              "instance": null,
              "key": undefined,
              "nodeType": "host",
              "props": Object {
                "children": Array [
                  <i
                    className="fas fa-star"
                  />,
                  <span>
                    7.7
                  </span>,
                ],
                "className": "stats-column",
              },
              "ref": null,
              "rendered": Array [
                Object {
                  "instance": null,
                  "key": undefined,
                  "nodeType": "host",
                  "props": Object {
                    "className": "fas fa-star",
                  },
                  "ref": null,
                  "rendered": null,
                  "type": "i",
                },
                Object {
                  "instance": null,
                  "key": undefined,
                  "nodeType": "host",
                  "props": Object {
                    "children": 7.7,
                  },
                  "ref": null,
                  "rendered": 7.7,
                  "type": "span",
                },
              ],
              "type": "div",
            },
          ],
          "type": "div",
        },
      ],
      "type": "div",
    },
  ],
  Symbol(enzyme.__options__): Object {
    "adapter": ReactSixteenAdapter {
      "options": Object {
        "enableComponentDidUpdateOnSetState": true,
        "legacyContextMode": "parent",
        "lifecycles": Object {
          "componentDidUpdate": Object {
            "onSetState": true,
          },
          "getChildContext": Object {
            "calledByRenderer": false,
          },
          "getDerivedStateFromProps": Object {
            "hasShouldComponentUpdateBug": false,
          },
          "getSnapshotBeforeUpdate": true,
          "setState": Object {
            "skipsComponentDidUpdateOnNullish": true,
          },
        },
      },
    },
  },
}
`;
